// Jest Snapshot v1, https://goo.gl/fbAQLP

exports[`<Products /> render no product message when no products is passed 1`] = `ShallowWrapper {}`;

exports[`<Products /> renders without crashing enzyme 1`] = `ShallowWrapper {}`;

exports[`<Products /> show sold out when quantityAvailable is 0 1`] = `ShallowWrapper {}`;
